Token: INTLITERAL
LineNum: 1
CharNum: 1
Value: 2147483647

Token: INTLITERAL
LineNum: 2
CharNum: 1
Value: 2147483647

